INFO  2026-08-17 15:45:58.375 #31860 [-main][*][o.noear.solon.Solon]: 
App: Start loading
INFO  2026-08-17 15:45:58.716 #31860 [-main][*][o.n.s.s.s.i.SmHttpPlugin]: 
solon.connector:main: smarthttp: Started ServerConnector@{HTTP/1.1,[http/1.1]}{http://localhost:8080}
INFO  2026-08-17 15:45:58.716 #31860 [-main][*][o.n.s.s.s.i.SmHttpPlugin]: 
Server:main: smarthttp: Started (smart http 2.5/4.0.6) @189ms
INFO  2026-08-17 15:45:58.717 #31860 [-main][*][o.noear.solon.Solon]: 
App: End loading elapsed=494ms pid=31860 v=4.0.6
INFO  2026-08-17 16:03:38.010 #31860 [-Thread-0][*][o.n.s.s.s.i.SmHttpPlugin]: 
Server:main: smarthttp: Has Stopped (smart http 2.5/4.0.6)
INFO  2026-08-17 16:03:38.012 #31860 [-Thread-0][*][o.noear.solon.Solon]: 
App: Stopped
INFO  2026-08-17 17:00:41.459 #21496 [-main][*][o.noear.solon.Solon]: 
App: Start loading
INFO  2026-08-17 17:00:41.799 #21496 [-main][*][o.n.s.s.s.i.SmHttpPlugin]: 
solon.connector:main: smarthttp: Started ServerConnector@{HTTP/1.1,[http/1.1]}{http://localhost:8080}
INFO  2026-08-17 17:00:41.800 #21496 [-main][*][o.n.s.s.s.i.SmHttpPlugin]: 
Server:main: smarthttp: Started (smart http 2.5/4.0.6) @185ms
INFO  2026-08-17 17:00:41.800 #21496 [-main][*][o.noear.solon.Solon]: 
App: End loading elapsed=541ms pid=21496 v=4.0.6
INFO  2026-08-17 17:01:55.153 #21496 [-Thread-0][*][o.n.s.s.s.i.SmHttpPlugin]: 
Server:main: smarthttp: Has Stopped (smart http 2.5/4.0.6)
INFO  2026-08-17 17:01:55.154 #21496 [-Thread-0][*][o.noear.solon.Solon]: 
App: Stopped
INFO  2026-08-17 17:01:56.307 #28700 [-main][*][o.noear.solon.Solon]: 
App: Start loading
INFO  2026-08-17 17:01:56.642 #28700 [-main][*][o.n.s.s.s.i.SmHttpPlugin]: 
solon.connector:main: smarthttp: Started ServerConnector@{HTTP/1.1,[http/1.1]}{http://localhost:8080}
INFO  2026-08-17 17:01:56.643 #28700 [-main][*][o.n.s.s.s.i.SmHttpPlugin]: 
Server:main: smarthttp: Started (smart http 2.5/4.0.6) @186ms
INFO  2026-08-17 17:01:56.643 #28700 [-main][*][o.noear.solon.Solon]: 
App: End loading elapsed=513ms pid=28700 v=4.0.6
INFO  2026-08-17 17:05:55.729 #28700 [-Thread-0][*][o.n.s.s.s.i.SmHttpPlugin]: 
Server:main: smarthttp: Has Stopped (smart http 2.5/4.0.6)
INFO  2026-08-17 17:05:55.731 #28700 [-Thread-0][*][o.noear.solon.Solon]: 
App: Stopped
INFO  2026-08-17 17:05:58.623 #35032 [-main][*][o.noear.solon.Solon]: 
App: Start loading
INFO  2026-08-17 17:05:58.973 #35032 [-main][*][o.n.s.s.s.i.SmHttpPlugin]: 
solon.connector:main: smarthttp: Started ServerConnector@{HTTP/1.1,[http/1.1]}{http://localhost:8080}
INFO  2026-08-17 17:05:58.973 #35032 [-main][*][o.n.s.s.s.i.SmHttpPlugin]: 
Server:main: smarthttp: Started (smart http 2.5/4.0.6) @190ms
INFO  2026-08-17 17:05:58.974 #35032 [-main][*][o.noear.solon.Solon]: 
App: End loading elapsed=559ms pid=35032 v=4.0.6
INFO  2026-08-17 17:09:11.931 #35032 [-Thread-0][*][o.n.s.s.s.i.SmHttpPlugin]: 
Server:main: smarthttp: Has Stopped (smart http 2.5/4.0.6)
INFO  2026-08-17 17:09:11.933 #35032 [-Thread-0][*][o.noear.solon.Solon]: 
App: Stopped
INFO  2026-08-17 17:09:13.835 #28404 [-main][*][o.noear.solon.Solon]: 
App: Start loading
INFO  2026-08-17 17:09:14.166 #28404 [-main][*][o.n.s.s.s.i.SmHttpPlugin]: 
solon.connector:main: smarthttp: Started ServerConnector@{HTTP/1.1,[http/1.1]}{http://localhost:8080}
INFO  2026-08-17 17:09:14.166 #28404 [-main][*][o.n.s.s.s.i.SmHttpPlugin]: 
Server:main: smarthttp: Started (smart http 2.5/4.0.6) @187ms
INFO  2026-08-17 17:09:14.167 #28404 [-main][*][o.noear.solon.Solon]: 
App: End loading elapsed=491ms pid=28404 v=4.0.6
INFO  2026-08-17 17:10:00.925 #28404 [-Thread-0][*][o.n.s.s.s.i.SmHttpPlugin]: 
Server:main: smarthttp: Has Stopped (smart http 2.5/4.0.6)
INFO  2026-08-17 17:10:00.928 #28404 [-Thread-0][*][o.noear.solon.Solon]: 
App: Stopped
INFO  2026-08-17 17:10:02.162 #34272 [-main][*][o.noear.solon.Solon]: 
App: Start loading
INFO  2026-08-17 17:10:02.589 #34272 [-main][*][o.n.s.s.s.i.SmHttpPlugin]: 
solon.connector:main: smarthttp: Started ServerConnector@{HTTP/1.1,[http/1.1]}{http://localhost:8080}
INFO  2026-08-17 17:10:02.592 #34272 [-main][*][o.n.s.s.s.i.SmHttpPlugin]: 
Server:main: smarthttp: Started (smart http 2.5/4.0.6) @231ms
INFO  2026-08-17 17:10:02.592 #34272 [-main][*][o.noear.solon.Solon]: 
App: End loading elapsed=647ms pid=34272 v=4.0.6
INFO  2026-08-17 17:12:33.346 #34272 [-Thread-0][*][o.n.s.s.s.i.SmHttpPlugin]: 
Server:main: smarthttp: Has Stopped (smart http 2.5/4.0.6)
INFO  2026-08-17 17:12:33.349 #34272 [-Thread-0][*][o.noear.solon.Solon]: 
App: Stopped
INFO  2026-08-17 17:12:35.242 #33616 [-main][*][o.noear.solon.Solon]: 
App: Start loading
INFO  2026-08-17 17:12:35.633 #33616 [-main][*][o.n.s.s.s.i.SmHttpPlugin]: 
solon.connector:main: smarthttp: Started ServerConnector@{HTTP/1.1,[http/1.1]}{http://localhost:8080}
INFO  2026-08-17 17:12:35.633 #33616 [-main][*][o.n.s.s.s.i.SmHttpPlugin]: 
Server:main: smarthttp: Started (smart http 2.5/4.0.6) @231ms
INFO  2026-08-17 17:12:35.633 #33616 [-main][*][o.noear.solon.Solon]: 
App: End loading elapsed=584ms pid=33616 v=4.0.6
INFO  2026-08-17 17:15:12.457 #33616 [-Thread-0][*][o.n.s.s.s.i.SmHttpPlugin]: 
Server:main: smarthttp: Has Stopped (smart http 2.5/4.0.6)
INFO  2026-08-17 17:15:12.459 #33616 [-Thread-0][*][o.noear.solon.Solon]: 
App: Stopped
INFO  2026-08-17 17:15:13.483 #22288 [-main][*][o.noear.solon.Solon]: 
App: Start loading
INFO  2026-08-17 17:15:13.842 #22288 [-main][*][o.n.s.s.s.i.SmHttpPlugin]: 
solon.connector:main: smarthttp: Started ServerConnector@{HTTP/1.1,[http/1.1]}{http://localhost:8080}
INFO  2026-08-17 17:15:13.842 #22288 [-main][*][o.n.s.s.s.i.SmHttpPlugin]: 
Server:main: smarthttp: Started (smart http 2.5/4.0.6) @202ms
INFO  2026-08-17 17:15:13.843 #22288 [-main][*][o.noear.solon.Solon]: 
App: End loading elapsed=522ms pid=22288 v=4.0.6
INFO  2026-08-17 17:24:59.980 #22288 [-Thread-0][*][o.n.s.s.s.i.SmHttpPlugin]: 
Server:main: smarthttp: Has Stopped (smart http 2.5/4.0.6)
INFO  2026-08-17 17:24:59.982 #22288 [-Thread-0][*][o.noear.solon.Solon]: 
App: Stopped
INFO  2026-08-17 17:25:01.835 #26344 [-main][*][o.noear.solon.Solon]: 
App: Start loading
INFO  2026-08-17 17:25:02.171 #26344 [-main][*][o.n.s.s.s.i.SmHttpPlugin]: 
solon.connector:main: smarthttp: Started ServerConnector@{HTTP/1.1,[http/1.1]}{http://localhost:8080}
INFO  2026-08-17 17:25:02.172 #26344 [-main][*][o.n.s.s.s.i.SmHttpPlugin]: 
Server:main: smarthttp: Started (smart http 2.5/4.0.6) @193ms
INFO  2026-08-17 17:25:02.172 #26344 [-main][*][o.noear.solon.Solon]: 
App: End loading elapsed=514ms pid=26344 v=4.0.6
INFO  2026-08-17 17:25:24.850 #26344 [-Thread-0][*][o.n.s.s.s.i.SmHttpPlugin]: 
Server:main: smarthttp: Has Stopped (smart http 2.5/4.0.6)
INFO  2026-08-17 17:25:24.854 #26344 [-Thread-0][*][o.noear.solon.Solon]: 
App: Stopped
INFO  2026-08-17 17:25:42.756 #20736 [-main][*][o.noear.solon.Solon]: 
App: Start loading
INFO  2026-08-17 17:25:44.209 #20736 [-main][*][o.n.s.s.s.i.SmHttpPlugin]: 
solon.connector:main: smarthttp: Started ServerConnector@{HTTP/1.1,[http/1.1]}{http://localhost:8080}
INFO  2026-08-17 17:25:44.210 #20736 [-main][*][o.n.s.s.s.i.SmHttpPlugin]: 
Server:main: smarthttp: Started (smart http 2.5/4.0.6) @1207ms
INFO  2026-08-17 17:25:44.211 #20736 [-main][*][o.noear.solon.Solon]: 
App: End loading elapsed=1758ms pid=20736 v=4.0.6
INFO  2026-08-17 17:25:54.907 #20736 [-Thread-0][*][o.n.s.s.s.i.SmHttpPlugin]: 
Server:main: smarthttp: Has Stopped (smart http 2.5/4.0.6)
INFO  2026-08-17 17:25:54.910 #20736 [-Thread-0][*][o.noear.solon.Solon]: 
App: Stopped
INFO  2026-08-17 17:26:33.603 #22644 [-main][*][o.noear.solon.Solon]: 
App: Start loading
INFO  2026-08-17 17:26:34.047 #22644 [-main][*][o.n.s.s.s.i.SmHttpPlugin]: 
solon.connector:main: smarthttp: Started ServerConnector@{HTTP/1.1,[http/1.1]}{http://localhost:8080}
INFO  2026-08-17 17:26:34.047 #22644 [-main][*][o.n.s.s.s.i.SmHttpPlugin]: 
Server:main: smarthttp: Started (smart http 2.5/4.0.6) @271ms
INFO  2026-08-17 17:26:34.048 #22644 [-main][*][o.noear.solon.Solon]: 
App: End loading elapsed=615ms pid=22644 v=4.0.6
INFO  2026-08-17 17:29:29.064 #22644 [-Thread-0][*][o.n.s.s.s.i.SmHttpPlugin]: 
Server:main: smarthttp: Has Stopped (smart http 2.5/4.0.6)
INFO  2026-08-17 17:29:29.068 #22644 [-Thread-0][*][o.noear.solon.Solon]: 
App: Stopped
INFO  2026-08-17 17:29:31.915 #22552 [-main][*][o.noear.solon.Solon]: 
App: Start loading
INFO  2026-08-17 17:29:32.247 #22552 [-main][*][o.n.s.s.s.i.SmHttpPlugin]: 
solon.connector:main: smarthttp: Started ServerConnector@{HTTP/1.1,[http/1.1]}{http://localhost:8080}
INFO  2026-08-17 17:29:32.248 #22552 [-main][*][o.n.s.s.s.i.SmHttpPlugin]: 
Server:main: smarthttp: Started (smart http 2.5/4.0.6) @186ms
INFO  2026-08-17 17:29:32.248 #22552 [-main][*][o.noear.solon.Solon]: 
App: End loading elapsed=507ms pid=22552 v=4.0.6
INFO  2026-08-17 17:30:18.246 #22552 [-Thread-0][*][o.n.s.s.s.i.SmHttpPlugin]: 
Server:main: smarthttp: Has Stopped (smart http 2.5/4.0.6)
INFO  2026-08-17 17:30:18.248 #22552 [-Thread-0][*][o.noear.solon.Solon]: 
App: Stopped
INFO  2026-08-17 17:30:19.324 #29280 [-main][*][o.noear.solon.Solon]: 
App: Start loading
INFO  2026-08-17 17:30:19.775 #29280 [-main][*][o.n.s.s.s.i.SmHttpPlugin]: 
solon.connector:main: smarthttp: Started ServerConnector@{HTTP/1.1,[http/1.1]}{http://localhost:8080}
INFO  2026-08-17 17:30:19.776 #29280 [-main][*][o.n.s.s.s.i.SmHttpPlugin]: 
Server:main: smarthttp: Started (smart http 2.5/4.0.6) @201ms
INFO  2026-08-17 17:30:19.776 #29280 [-main][*][o.noear.solon.Solon]: 
App: End loading elapsed=613ms pid=29280 v=4.0.6
INFO  2026-08-17 17:31:46.505 #29280 [-Thread-0][*][o.n.s.s.s.i.SmHttpPlugin]: 
Server:main: smarthttp: Has Stopped (smart http 2.5/4.0.6)
INFO  2026-08-17 17:31:46.508 #29280 [-Thread-0][*][o.noear.solon.Solon]: 
App: Stopped
INFO  2026-08-17 17:31:48.800 #27256 [-main][*][o.noear.solon.Solon]: 
App: Start loading
INFO  2026-08-17 17:31:49.171 #27256 [-main][*][o.n.s.s.s.i.SmHttpPlugin]: 
solon.connector:main: smarthttp: Started ServerConnector@{HTTP/1.1,[http/1.1]}{http://localhost:8080}
INFO  2026-08-17 17:31:49.171 #27256 [-main][*][o.n.s.s.s.i.SmHttpPlugin]: 
Server:main: smarthttp: Started (smart http 2.5/4.0.6) @207ms
INFO  2026-08-17 17:31:49.171 #27256 [-main][*][o.noear.solon.Solon]: 
App: End loading elapsed=562ms pid=27256 v=4.0.6
INFO  2026-08-17 17:32:06.493 #27256 [-Thread-0][*][o.n.s.s.s.i.SmHttpPlugin]: 
Server:main: smarthttp: Has Stopped (smart http 2.5/4.0.6)
INFO  2026-08-17 17:32:06.495 #27256 [-Thread-0][*][o.noear.solon.Solon]: 
App: Stopped
INFO  2026-08-17 17:32:08.525 #30552 [-main][*][o.noear.solon.Solon]: 
App: Start loading
INFO  2026-08-17 17:32:08.876 #30552 [-main][*][o.n.s.s.s.i.SmHttpPlugin]: 
solon.connector:main: smarthttp: Started ServerConnector@{HTTP/1.1,[http/1.1]}{http://localhost:8080}
INFO  2026-08-17 17:32:08.877 #30552 [-main][*][o.n.s.s.s.i.SmHttpPlugin]: 
Server:main: smarthttp: Started (smart http 2.5/4.0.6) @198ms
INFO  2026-08-17 17:32:08.877 #30552 [-main][*][o.noear.solon.Solon]: 
App: End loading elapsed=522ms pid=30552 v=4.0.6
INFO  2026-08-17 17:33:33.858 #30552 [-Thread-0][*][o.n.s.s.s.i.SmHttpPlugin]: 
Server:main: smarthttp: Has Stopped (smart http 2.5/4.0.6)
INFO  2026-08-17 17:33:33.868 #30552 [-Thread-0][*][o.noear.solon.Solon]: 
App: Stopped
INFO  2026-08-17 17:34:44.938 #33480 [-main][*][o.noear.solon.Solon]: 
App: Start loading
INFO  2026-08-17 17:34:45.296 #33480 [-main][*][o.n.s.s.s.i.SmHttpPlugin]: 
solon.connector:main: smarthttp: Started ServerConnector@{HTTP/1.1,[http/1.1]}{http://localhost:8080}
INFO  2026-08-17 17:34:45.296 #33480 [-main][*][o.n.s.s.s.i.SmHttpPlugin]: 
Server:main: smarthttp: Started (smart http 2.5/4.0.6) @201ms
INFO  2026-08-17 17:34:45.297 #33480 [-main][*][o.noear.solon.Solon]: 
App: End loading elapsed=535ms pid=33480 v=4.0.6
INFO  2026-08-17 17:34:56.047 #33480 [-Thread-0][*][o.n.s.s.s.i.SmHttpPlugin]: 
Server:main: smarthttp: Has Stopped (smart http 2.5/4.0.6)
INFO  2026-08-17 17:34:56.050 #33480 [-Thread-0][*][o.noear.solon.Solon]: 
App: Stopped
INFO  2026-08-17 17:34:57.135 #1228 [-main][*][o.noear.solon.Solon]: 
App: Start loading
INFO  2026-08-17 17:34:57.553 #1228 [-main][*][o.n.s.s.s.i.SmHttpPlugin]: 
solon.connector:main: smarthttp: Started ServerConnector@{HTTP/1.1,[http/1.1]}{http://localhost:8080}
INFO  2026-08-17 17:34:57.554 #1228 [-main][*][o.n.s.s.s.i.SmHttpPlugin]: 
Server:main: smarthttp: Started (smart http 2.5/4.0.6) @198ms
INFO  2026-08-17 17:34:57.555 #1228 [-main][*][o.noear.solon.Solon]: 
App: End loading elapsed=613ms pid=1228 v=4.0.6
INFO  2026-08-17 17:37:08.893 #1228 [-Thread-0][*][o.n.s.s.s.i.SmHttpPlugin]: 
Server:main: smarthttp: Has Stopped (smart http 2.5/4.0.6)
INFO  2026-08-17 17:37:08.895 #1228 [-Thread-0][*][o.noear.solon.Solon]: 
App: Stopped
INFO  2026-08-17 17:37:11.175 #3692 [-main][*][o.noear.solon.Solon]: 
App: Start loading
INFO  2026-08-17 17:37:11.671 #3692 [-main][*][o.n.s.s.s.i.SmHttpPlugin]: 
solon.connector:main: smarthttp: Started ServerConnector@{HTTP/1.1,[http/1.1]}{http://localhost:8080}
INFO  2026-08-17 17:37:11.672 #3692 [-main][*][o.n.s.s.s.i.SmHttpPlugin]: 
Server:main: smarthttp: Started (smart http 2.5/4.0.6) @283ms
INFO  2026-08-17 17:37:11.673 #3692 [-main][*][o.noear.solon.Solon]: 
App: End loading elapsed=711ms pid=3692 v=4.0.6
INFO  2026-08-17 17:42:03.697 #3692 [-Thread-0][*][o.n.s.s.s.i.SmHttpPlugin]: 
Server:main: smarthttp: Has Stopped (smart http 2.5/4.0.6)
INFO  2026-08-17 17:42:03.700 #3692 [-Thread-0][*][o.noear.solon.Solon]: 
App: Stopped
INFO  2026-08-17 17:42:04.840 #29904 [-main][*][o.noear.solon.Solon]: 
App: Start loading
INFO  2026-08-17 17:42:05.180 #29904 [-main][*][o.n.s.s.s.i.SmHttpPlugin]: 
solon.connector:main: smarthttp: Started ServerConnector@{HTTP/1.1,[http/1.1]}{http://localhost:8080}
INFO  2026-08-17 17:42:05.181 #29904 [-main][*][o.n.s.s.s.i.SmHttpPlugin]: 
Server:main: smarthttp: Started (smart http 2.5/4.0.6) @193ms
INFO  2026-08-17 17:42:05.183 #29904 [-main][*][o.noear.solon.Solon]: 
App: End loading elapsed=514ms pid=29904 v=4.0.6
INFO  2026-08-17 17:43:57.816 #29904 [-Thread-0][*][o.n.s.s.s.i.SmHttpPlugin]: 
Server:main: smarthttp: Has Stopped (smart http 2.5/4.0.6)
INFO  2026-08-17 17:43:57.819 #29904 [-Thread-0][*][o.noear.solon.Solon]: 
App: Stopped
INFO  2026-08-17 17:43:59.669 #18448 [-main][*][o.noear.solon.Solon]: 
App: Start loading
INFO  2026-08-17 17:44:00.036 #18448 [-main][*][o.n.s.s.s.i.SmHttpPlugin]: 
solon.connector:main: smarthttp: Started ServerConnector@{HTTP/1.1,[http/1.1]}{http://localhost:8080}
INFO  2026-08-17 17:44:00.037 #18448 [-main][*][o.n.s.s.s.i.SmHttpPlugin]: 
Server:main: smarthttp: Started (smart http 2.5/4.0.6) @200ms
INFO  2026-08-17 17:44:00.038 #18448 [-main][*][o.noear.solon.Solon]: 
App: End loading elapsed=544ms pid=18448 v=4.0.6
INFO  2026-08-17 17:51:30.226 #18448 [-Thread-0][*][o.n.s.s.s.i.SmHttpPlugin]: 
Server:main: smarthttp: Has Stopped (smart http 2.5/4.0.6)
INFO  2026-08-17 17:51:30.229 #18448 [-Thread-0][*][o.noear.solon.Solon]: 
App: Stopped
INFO  2026-08-17 18:02:14.882 #20672 [-main][*][o.noear.solon.Solon]: 
App: Start loading
INFO  2026-08-17 18:02:15.483 #20672 [-main][*][o.n.s.s.s.i.SmHttpPlugin]: 
solon.connector:main: smarthttp: Started ServerConnector@{HTTP/1.1,[http/1.1]}{http://localhost:8080}
INFO  2026-08-17 18:02:15.483 #20672 [-main][*][o.n.s.s.s.i.SmHttpPlugin]: 
Server:main: smarthttp: Started (smart http 2.5/4.0.6) @396ms
INFO  2026-08-17 18:02:15.484 #20672 [-main][*][o.noear.solon.Solon]: 
App: End loading elapsed=820ms pid=20672 v=4.0.6
INFO  2026-08-17 18:12:13.428 #20672 [-Thread-0][*][o.n.s.s.s.i.SmHttpPlugin]: 
Server:main: smarthttp: Has Stopped (smart http 2.5/4.0.6)
INFO  2026-08-17 18:12:13.438 #20672 [-Thread-0][*][o.noear.solon.Solon]: 
App: Stopped
INFO  2026-08-17 19:32:45.643 #7372 [-main][*][o.noear.solon.Solon]: 
App: Start loading
INFO  2026-08-17 19:32:45.979 #7372 [-main][*][o.n.s.s.s.i.SmHttpPlugin]: 
solon.connector:main: smarthttp: Started ServerConnector@{HTTP/1.1,[http/1.1]}{http://localhost:8080}
INFO  2026-08-17 19:32:45.979 #7372 [-main][*][o.n.s.s.s.i.SmHttpPlugin]: 
Server:main: smarthttp: Started (smart http 2.5/4.0.6) @184ms
INFO  2026-08-17 19:32:45.980 #7372 [-main][*][o.noear.solon.Solon]: 
App: End loading elapsed=526ms pid=7372 v=4.0.6
INFO  2026-08-17 19:40:48.350 #7372 [-Thread-0][*][o.n.s.s.s.i.SmHttpPlugin]: 
Server:main: smarthttp: Has Stopped (smart http 2.5/4.0.6)
INFO  2026-08-17 19:40:48.356 #7372 [-Thread-0][*][o.noear.solon.Solon]: 
App: Stopped
INFO  2026-08-17 19:40:49.330 #21000 [-main][*][o.noear.solon.Solon]: 
App: Start loading
INFO  2026-08-17 19:40:49.636 #21000 [-main][*][o.n.s.s.s.i.SmHttpPlugin]: 
solon.connector:main: smarthttp: Started ServerConnector@{HTTP/1.1,[http/1.1]}{http://localhost:8080}
INFO  2026-08-17 19:40:49.637 #21000 [-main][*][o.n.s.s.s.i.SmHttpPlugin]: 
Server:main: smarthttp: Started (smart http 2.5/4.0.6) @156ms
INFO  2026-08-17 19:40:49.637 #21000 [-main][*][o.noear.solon.Solon]: 
App: End loading elapsed=480ms pid=21000 v=4.0.6
INFO  2026-08-17 19:44:13.222 #21000 [-Thread-0][*][o.n.s.s.s.i.SmHttpPlugin]: 
Server:main: smarthttp: Has Stopped (smart http 2.5/4.0.6)
INFO  2026-08-17 19:44:13.225 #21000 [-Thread-0][*][o.noear.solon.Solon]: 
App: Stopped
INFO  2026-08-17 19:47:26.146 #8544 [-main][*][o.noear.solon.Solon]: 
App: Start loading
INFO  2026-08-17 19:47:26.460 #8544 [-main][*][o.n.s.s.s.i.SmHttpPlugin]: 
solon.connector:main: smarthttp: Started ServerConnector@{HTTP/1.1,[http/1.1]}{http://localhost:8080}
INFO  2026-08-17 19:47:26.461 #8544 [-main][*][o.n.s.s.s.i.SmHttpPlugin]: 
Server:main: smarthttp: Started (smart http 2.5/4.0.6) @163ms
INFO  2026-08-17 19:47:26.462 #8544 [-main][*][o.noear.solon.Solon]: 
App: End loading elapsed=474ms pid=8544 v=4.0.6
INFO  2026-08-17 19:51:40.939 #8544 [-Thread-0][*][o.n.s.s.s.i.SmHttpPlugin]: 
Server:main: smarthttp: Has Stopped (smart http 2.5/4.0.6)
INFO  2026-08-17 19:51:40.941 #8544 [-Thread-0][*][o.noear.solon.Solon]: 
App: Stopped
INFO  2026-08-17 19:52:30.662 #15808 [-main][*][o.noear.solon.Solon]: 
App: Start loading
INFO  2026-08-17 19:52:30.953 #15808 [-main][*][o.n.s.s.s.i.SmHttpPlugin]: 
solon.connector:main: smarthttp: Started ServerConnector@{HTTP/1.1,[http/1.1]}{http://localhost:8080}
INFO  2026-08-17 19:52:30.953 #15808 [-main][*][o.n.s.s.s.i.SmHttpPlugin]: 
Server:main: smarthttp: Started (smart http 2.5/4.0.6) @158ms
INFO  2026-08-17 19:52:30.954 #15808 [-main][*][o.noear.solon.Solon]: 
App: End loading elapsed=450ms pid=15808 v=4.0.6
INFO  2026-08-17 19:52:56.497 #15808 [-Thread-0][*][o.n.s.s.s.i.SmHttpPlugin]: 
Server:main: smarthttp: Has Stopped (smart http 2.5/4.0.6)
INFO  2026-08-17 19:52:56.500 #15808 [-Thread-0][*][o.noear.solon.Solon]: 
App: Stopped
INFO  2026-08-17 19:52:58.050 #7448 [-main][*][o.noear.solon.Solon]: 
App: Start loading
INFO  2026-08-17 19:52:58.330 #7448 [-main][*][o.n.s.s.s.i.SmHttpPlugin]: 
solon.connector:main: smarthttp: Started ServerConnector@{HTTP/1.1,[http/1.1]}{http://localhost:8080}
INFO  2026-08-17 19:52:58.330 #7448 [-main][*][o.n.s.s.s.i.SmHttpPlugin]: 
Server:main: smarthttp: Started (smart http 2.5/4.0.6) @151ms
INFO  2026-08-17 19:52:58.331 #7448 [-main][*][o.noear.solon.Solon]: 
App: End loading elapsed=439ms pid=7448 v=4.0.6
INFO  2026-08-17 19:57:35.994 #7448 [-Thread-0][*][o.n.s.s.s.i.SmHttpPlugin]: 
Server:main: smarthttp: Has Stopped (smart http 2.5/4.0.6)
INFO  2026-08-17 19:57:35.996 #7448 [-Thread-0][*][o.noear.solon.Solon]: 
App: Stopped
